../Core/Src/../../../myLib/myLib.c:1:5:__io_putchar	16	static
../Core/Src/main.c:68:6:HAL_GPIO_EXTI_Callback	16	static
../Core/Src/main.c:79:5:main	112	static
../Core/Src/main.c:173:6:SystemClock_Config	88	static
../Core/Src/main.c:220:13:MX_USART2_UART_Init	8	static
../Core/Src/main.c:253:13:MX_GPIO_Init	48	static
../Core/Src/main.c:300:6:StartTask01	24	static
../Core/Src/main.c:328:6:StartTask02	24	static
../Core/Src/main.c:356:6:StartTask03	24	static
../Core/Src/main.c:385:6:HAL_TIM_PeriodElapsedCallback	16	static
../Core/Src/main.c:402:6:Error_Handler	4	static,ignoring_inline_asm
